{
    "rnasplice - gtf/fasta - stub": {
        "content": [
            {
                "0": [
                    [
                        {
                            "id": "test2.paired_end.markduplicates"
                        },
                        "IRFinder-ChrCoverage.txt:md5,d41d8cd98f00b204e9800998ecf8427e"
                    ]
                ],
                "1": [
                    [
                        "IRFINDER_BAM",
                        "IRFinder",
                        "IRFinder version: 2.0.0"
                    ]
                ],
                "bam": [
                    [
                        {
                            "id": "test2.paired_end.markduplicates"
                        },
                        "IRFinder-ChrCoverage.txt:md5,d41d8cd98f00b204e9800998ecf8427e"
                    ]
                ],
                "versions_irfinder": [
                    [
                        "IRFINDER_BAM",
                        "IRFinder",
                        "IRFinder version: 2.0.0"
                    ]
                ]
            }
        ],
        "meta": {
            "nf-test": "0.9.3",
            "nextflow": "25.04.8"
        },
        "timestamp": "2025-11-22T12:45:02.448726683"
    },
    "rnasplice - gtf/fasta": {
        "content": [
            {
                "0": [
                    [
                        {
                            "id": "test2.paired_end.markduplicates"
                        },
                        [
                            "IRFinder-ChrCoverage.txt:md5,21b7a3ef814f71e8f4f84fbef25679d0",
                            "IRFinder-IR-nondir-val.txt:md5,ac71c8d27a4206de6353532a3d8bb2be",
                            "IRFinder-IR-nondir.txt:md5,7c0ff0c3db070314874ebfaa816e261d",
                            "IRFinder-JuncCount.txt:md5,e10043dc9bc5c6d802d18c8d2233356a",
                            "IRFinder-ROI.txt:md5,d41d8cd98f00b204e9800998ecf8427e",
                            "IRFinder-SpansPoint.txt:md5,1e35b51880bf3be08a286d3537837255"
                        ]
                    ]
                ],
                "1": [
                    [
                        "IRFINDER_BAM",
                        "IRFinder",
                        "IRFinder version: 2.0.0"
                    ]
                ],
                "bam": [
                    [
                        {
                            "id": "test2.paired_end.markduplicates"
                        },
                        [
                            "IRFinder-ChrCoverage.txt:md5,21b7a3ef814f71e8f4f84fbef25679d0",
                            "IRFinder-IR-nondir-val.txt:md5,ac71c8d27a4206de6353532a3d8bb2be",
                            "IRFinder-IR-nondir.txt:md5,7c0ff0c3db070314874ebfaa816e261d",
                            "IRFinder-JuncCount.txt:md5,e10043dc9bc5c6d802d18c8d2233356a",
                            "IRFinder-ROI.txt:md5,d41d8cd98f00b204e9800998ecf8427e",
                            "IRFinder-SpansPoint.txt:md5,1e35b51880bf3be08a286d3537837255"
                        ]
                    ]
                ],
                "versions_irfinder": [
                    [
                        "IRFINDER_BAM",
                        "IRFinder",
                        "IRFinder version: 2.0.0"
                    ]
                ]
            }
        ],
        "meta": {
            "nf-test": "0.9.3",
            "nextflow": "25.04.8"
        },
        "timestamp": "2025-11-22T12:44:47.07944723"
    }
}