{
    "nf-core/rnasplice test data": {
        "content": [
            [
                [
                    "IRFINDER_DIFF",
                    "IRFinder",
                    "2.0.0"
                ]
            ],
            [
                "irfinder",
                "irfinder/ERR188383",
                "irfinder/ERR188383/IRFinder-ChrCoverage.txt",
                "irfinder/ERR188383/IRFinder-IR-nondir-val.txt",
                "irfinder/ERR188383/IRFinder-IR-nondir.txt",
                "irfinder/ERR188383/IRFinder-JuncCount.txt",
                "irfinder/ERR188383/IRFinder-ROI.txt",
                "irfinder/ERR188383/IRFinder-SpansPoint.txt",
                "irfinder/ERR188383/WARNINGS",
                "irfinder/ERR188383/logs",
                "irfinder/ERR188383/logs/irfinder.stderr",
                "irfinder/ERR188383/logs/irfinder.stdout",
                "irfinder/ERR188428",
                "irfinder/ERR188428/IRFinder-ChrCoverage.txt",
                "irfinder/ERR188428/IRFinder-IR-nondir-val.txt",
                "irfinder/ERR188428/IRFinder-IR-nondir.txt",
                "irfinder/ERR188428/IRFinder-JuncCount.txt",
                "irfinder/ERR188428/IRFinder-ROI.txt",
                "irfinder/ERR188428/IRFinder-SpansPoint.txt",
                "irfinder/ERR188428/WARNINGS",
                "irfinder/ERR188428/logs",
                "irfinder/ERR188428/logs/irfinder.stderr",
                "irfinder/ERR188428/logs/irfinder.stdout",
                "irfinder/ERR188454",
                "irfinder/ERR188454/IRFinder-ChrCoverage.txt",
                "irfinder/ERR188454/IRFinder-IR-nondir-val.txt",
                "irfinder/ERR188454/IRFinder-IR-nondir.txt",
                "irfinder/ERR188454/IRFinder-JuncCount.txt",
                "irfinder/ERR188454/IRFinder-ROI.txt",
                "irfinder/ERR188454/IRFinder-SpansPoint.txt",
                "irfinder/ERR188454/WARNINGS",
                "irfinder/ERR188454/logs",
                "irfinder/ERR188454/logs/irfinder.stderr",
                "irfinder/ERR188454/logs/irfinder.stdout",
                "irfinder/ERR204916",
                "irfinder/ERR204916/IRFinder-ChrCoverage.txt",
                "irfinder/ERR204916/IRFinder-IR-nondir-val.txt",
                "irfinder/ERR204916/IRFinder-IR-nondir.txt",
                "irfinder/ERR204916/IRFinder-JuncCount.txt",
                "irfinder/ERR204916/IRFinder-ROI.txt",
                "irfinder/ERR204916/IRFinder-SpansPoint.txt",
                "irfinder/ERR204916/WARNINGS",
                "irfinder/ERR204916/logs",
                "irfinder/ERR204916/logs/irfinder.stderr",
                "irfinder/ERR204916/logs/irfinder.stdout",
                "irfinder/REF",
                "irfinder/REF/chrX_gtf",
                "irfinder/REF/chrX_gtf/IRFinder",
                "irfinder/REF/chrX_gtf/IRFinder/exclude.directional.bed",
                "irfinder/REF/chrX_gtf/IRFinder/exclude.omnidirectional.bed",
                "irfinder/REF/chrX_gtf/IRFinder/intergenic.ROI.bed",
                "irfinder/REF/chrX_gtf/IRFinder/introns.unique.bed",
                "irfinder/REF/chrX_gtf/IRFinder/ref-ROI.bed",
                "irfinder/REF/chrX_gtf/IRFinder/ref-cover.bed",
                "irfinder/REF/chrX_gtf/IRFinder/ref-read-continues.ref",
                "irfinder/REF/chrX_gtf/IRFinder/ref-sj.ref",
                "irfinder/REF/chrX_gtf/Mapability",
                "irfinder/REF/chrX_gtf/Mapability/MapabilityExclusion.bed.gz",
                "irfinder/REF/chrX_gtf/STAR",
                "irfinder/REF/chrX_gtf/STAR/Genome",
                "irfinder/REF/chrX_gtf/STAR/Log.out",
                "irfinder/REF/chrX_gtf/STAR/SA",
                "irfinder/REF/chrX_gtf/STAR/SAindex",
                "irfinder/REF/chrX_gtf/STAR/chrLength.txt",
                "irfinder/REF/chrX_gtf/STAR/chrName.txt",
                "irfinder/REF/chrX_gtf/STAR/chrNameLength.txt",
                "irfinder/REF/chrX_gtf/STAR/chrStart.txt",
                "irfinder/REF/chrX_gtf/STAR/exonGeTrInfo.tab",
                "irfinder/REF/chrX_gtf/STAR/exonInfo.tab",
                "irfinder/REF/chrX_gtf/STAR/geneInfo.tab",
                "irfinder/REF/chrX_gtf/STAR/genomeParameters.txt",
                "irfinder/REF/chrX_gtf/STAR/sjdbInfo.txt",
                "irfinder/REF/chrX_gtf/STAR/sjdbList.fromGTF.out.tab",
                "irfinder/REF/chrX_gtf/STAR/sjdbList.out.tab",
                "irfinder/REF/chrX_gtf/STAR/transcriptInfo.tab",
                "irfinder/REF/chrX_gtf/genome.fa",
                "irfinder/REF/chrX_gtf/logSTARbuild",
                "irfinder/REF/chrX_gtf/transcripts.gtf",
                "irfinder/diff",
                "irfinder/diff/GBR-YRI",
                "irfinder/diff/GBR-YRI/GBR.psi.tsv",
                "irfinder/diff/GBR-YRI/GBR.tpm.tsv",
                "irfinder/diff/GBR-YRI/IRFinder.ioe",
                "irfinder/diff/GBR-YRI/YRI.psi.tsv",
                "irfinder/diff/GBR-YRI/YRI.tpm.tsv",
                "irfinder/diff/GBR-YRI/events.ls",
                "irfinder/diff/GBR-YRI/events_nowarn.ls",
                "irfinder/diff/GBR-YRI/events_with_warn.ls",
                "irfinder/diff/GBR-YRI/groups.tsv",
                "irfinder/diff/GBR-YRI/suppa.dpsi.temp.0",
                "irfinder/diff/GBR-YRI/suppa.dpsi.temp.0_adjusted.tsv",
                "irfinder/diff/GBR-YRI/suppa.psivec",
                "pipeline_info"
            ],
            [
                "IRFinder-ChrCoverage.txt:md5,b9af36c0b14ad3c4292db49eb30c2cc4",
                "IRFinder-IR-nondir-val.txt:md5,5136110106b6f982ec80c1e23a80538f",
                "IRFinder-IR-nondir.txt:md5,b0c947dd4f2d1b8009c2e04c1c2b8a24",
                "IRFinder-JuncCount.txt:md5,8f4f69a85926c9c2b69bd619ef38095d",
                "IRFinder-ROI.txt:md5,2a0cb6d10e6b2a10a9a97185b76d1092",
                "IRFinder-SpansPoint.txt:md5,2c48d5cd27aec07fe38d9904ae949c6e",
                "IRFinder-ChrCoverage.txt:md5,f26bbafa74d72dd478ca3abcbab9440f",
                "IRFinder-IR-nondir-val.txt:md5,4f6971ca35a1d3b2cdd42858c885a558",
                "IRFinder-IR-nondir.txt:md5,a7711e5e9f256b318a09b5a1fa7265d0",
                "IRFinder-JuncCount.txt:md5,2bf0bef1ae5eec837fdcec358ecbc647",
                "IRFinder-ROI.txt:md5,19ddff20d525ff299f71b4b9f9559b90",
                "IRFinder-SpansPoint.txt:md5,add3b01abd760159531bdab05d32ab04",
                "IRFinder-ChrCoverage.txt:md5,fb119e700ef9e8a8ff7993549fc83191",
                "IRFinder-IR-nondir-val.txt:md5,f41aad49f620449284660a630817c695",
                "IRFinder-IR-nondir.txt:md5,c66c8b314e454355f4209a7dd6dbdf4e",
                "IRFinder-JuncCount.txt:md5,e36769fe81922a6e225052b9cf73b9e2",
                "IRFinder-ROI.txt:md5,65a08f0098f3c3e2719744ce9dbe9faa",
                "IRFinder-SpansPoint.txt:md5,688b2900728c21cc4a60a02de9a21c9f",
                "IRFinder-ChrCoverage.txt:md5,530c424b0300a2755a88a729f859e4d0",
                "IRFinder-IR-nondir-val.txt:md5,dac178fafe781ebb12e35be5b3420080",
                "IRFinder-IR-nondir.txt:md5,3aeae61228cff2919c91b76dc00ba581",
                "IRFinder-JuncCount.txt:md5,07af3abc1c277e538cc727ba6a2f0035",
                "IRFinder-ROI.txt:md5,c216d892f5aeacecd85d425a3c9eb5a4",
                "IRFinder-SpansPoint.txt:md5,1fb29b72515b9d3028698575bc4e26d7",
                "exclude.directional.bed:md5,cddd43c43c0a75f55eeb23224565ad04",
                "exclude.omnidirectional.bed:md5,4d95a5fb8100897fc080bb4469a69794",
                "intergenic.ROI.bed:md5,4a2450b296ed927e737828b4efb79f55",
                "introns.unique.bed:md5,fb5ffbcde6a39988c49dfc5cbe3b88bc",
                "ref-ROI.bed:md5,e08cd7560732d39f4e3a4c0f769d7776",
                "ref-cover.bed:md5,92296e1619d628ddbb4888b8f549efdc",
                "ref-read-continues.ref:md5,c3931b0ccedfc5dfc32a7aa57b7536c7",
                "ref-sj.ref:md5,95f39fc9833fd4a2daee99ba19f609b6",
                "MapabilityExclusion.bed.gz:md5,68c3398851ccc091f849746021381554",
                "Genome:md5,c88ba3756fda45a106e89bb3675c6d92",
                "SA:md5,d3d09352562d96db16cd73eff6404c83",
                "SAindex:md5,09e2efec07a47e2b43d4f7d89a84b21d",
                "chrLength.txt:md5,23747f0f9530fecb56b5c6382df53ca5",
                "chrName.txt:md5,253bcac7dd806bb7cf57dc19f71f2fa0",
                "chrNameLength.txt:md5,a78c1db8960ac1331abba8152b28962f",
                "chrStart.txt:md5,91d6485f0ea5b62e7fac5b1410c5d894",
                "exonGeTrInfo.tab:md5,e8d6ca6a8c6d8dc960dea132bc4dad48",
                "exonInfo.tab:md5,67de49969cb934380004c3ddf8f28713",
                "geneInfo.tab:md5,f6e655f33a97f274b2cbaf64cc18302f",
                "sjdbInfo.txt:md5,63b1864c18dc01cb1a1ce2345ddb86ed",
                "sjdbList.fromGTF.out.tab:md5,47e7c6d8feb46fae8f837b39743ed882",
                "sjdbList.out.tab:md5,30a8e1a0ae6de024a67441273b5dccd4",
                "transcriptInfo.tab:md5,590b81beb3913ab15987cf61cf9614db",
                "genome.fa:md5,aaf58c237019f35a082793f0c5c797f1",
                "transcripts.gtf:md5,326e7a503309e8ff500b2d8f693a65d0",
                "IRFinder.ioe:md5,90638770096875a719b736b2e3845ba3",
                "events.ls:md5,a2647b4e15cf08aa86399bf5ad0f26b7",
                "events_nowarn.ls:md5,d8042dab64e1fe8b1539b128a7cea4e9",
                "events_with_warn.ls:md5,8920d8db7cd8c5d48d10ba19fdc99a1b",
                "suppa.dpsi.temp.0:md5,d6bf364ae45cd2bd6104a01267678701",
                "suppa.dpsi.temp.0_adjusted.tsv:md5,5a8ddc2ba56dc9ffe7497b835a1432a6"
            ]
        ],
        "meta": {
            "nf-test": "0.9.3",
            "nextflow": "25.04.6"
        },
        "timestamp": "2025-11-27T18:11:37.548513971"
    }
}