{
    "Compressed GTF annotation + compressed genome": {
        "content": [
            {
                "0": [
                    [
                        {
                            "id": "test_gtf"
                        },
                        "chr19.filtered.gtf:md5,29ea9f8629c84868b4b0ce5cd4f57632"
                    ]
                ],
                "1": [
                    [
                        {
                            "id": "test_gtf"
                        },
                        "test_gtf.agat.gff:md5,313c1a1b13f5dfe6a726b46932f485f0"
                    ]
                ],
                "2": [
                    [
                        {
                            "id": "test_gtf"
                        },
                        "test_gtf.bed:md5,6e3c79c50db5035142c9d01714e83f48"
                    ]
                ],
                "3": [
                    [
                        {
                            "id": "test_fasta"
                        },
                        "chr19.fa:md5,dd9375c0cfa5de18757a0608411ff608"
                    ]
                ],
                "bed": [
                    [
                        {
                            "id": "test_gtf"
                        },
                        "test_gtf.bed:md5,6e3c79c50db5035142c9d01714e83f48"
                    ]
                ],
                "genome_fasta": [
                    [
                        {
                            "id": "test_fasta"
                        },
                        "chr19.fa:md5,dd9375c0cfa5de18757a0608411ff608"
                    ]
                ],
                "gff3": [
                    [
                        {
                            "id": "test_gtf"
                        },
                        "test_gtf.agat.gff:md5,313c1a1b13f5dfe6a726b46932f485f0"
                    ]
                ],
                "gtf": [
                    [
                        {
                            "id": "test_gtf"
                        },
                        "chr19.filtered.gtf:md5,29ea9f8629c84868b4b0ce5cd4f57632"
                    ]
                ]
            }
        ],
        "timestamp": "2026-08-10T18:45:07.237893769",
        "meta": {
            "nf-test": "0.9.5",
            "nextflow": "26.04.4"
        }
    },
    "GFF3 annotation + uncompressed genome": {
        "content": [
            {
                "0": [
                    [
                        {
                            "id": "chr21"
                        },
                        "chr21.agat.gtf:md5,be1c396ac00fd5a84dc08a36d84ff8c5"
                    ]
                ],
                "1": [
                    [
                        {
                            "id": "chr21"
                        },
                        "/nf-core/test-datasets/raw/refs/heads/modules/data/genomics/sarscov2/genome/genome.gff3"
                    ]
                ],
                "2": [
                    [
                        {
                            "id": "chr21"
                        },
                        "chr21.bed:md5,d424ee1b9d9982f129412f491fca709e"
                    ]
                ],
                "3": [
                    [
                        {
                            "id": "chr21"
                        },
                        "/nf-core/test-datasets/raw/refs/heads/modules/data/genomics/homo_sapiens/genome/chr21/sequence/genome.fasta"
                    ]
                ],
                "bed": [
                    [
                        {
                            "id": "chr21"
                        },
                        "chr21.bed:md5,d424ee1b9d9982f129412f491fca709e"
                    ]
                ],
                "genome_fasta": [
                    [
                        {
                            "id": "chr21"
                        },
                        "/nf-core/test-datasets/raw/refs/heads/modules/data/genomics/homo_sapiens/genome/chr21/sequence/genome.fasta"
                    ]
                ],
                "gff3": [
                    [
                        {
                            "id": "chr21"
                        },
                        "/nf-core/test-datasets/raw/refs/heads/modules/data/genomics/sarscov2/genome/genome.gff3"
                    ]
                ],
                "gtf": [
                    [
                        {
                            "id": "chr21"
                        },
                        "chr21.agat.gtf:md5,be1c396ac00fd5a84dc08a36d84ff8c5"
                    ]
                ]
            }
        ],
        "timestamp": "2026-08-10T18:45:17.002853436",
        "meta": {
            "nf-test": "0.9.5",
            "nextflow": "26.04.4"
        }
    },
    "GTF annotation + uncompressed genome": {
        "content": [
            {
                "0": [
                    [
                        {
                            "id": "test_gtf"
                        },
                        "/nf-core/test-datasets/raw/refs/heads/modules/data/genomics/homo_sapiens/genome/chr21/sequence/chr21_gencode.gtf"
                    ]
                ],
                "1": [
                    [
                        {
                            "id": "test_gtf"
                        },
                        "test_gtf.agat.gff:md5,bfa76f7e7bbdf30fd9ede0cd1d2878ae"
                    ]
                ],
                "2": [
                    [
                        {
                            "id": "test_gtf"
                        },
                        "test_gtf.bed:md5,55cb0e28b2915f643dc717ecd1896804"
                    ]
                ],
                "3": [
                    [
                        {
                            "id": "test_fasta"
                        },
                        "/nf-core/test-datasets/raw/refs/heads/modules/data/genomics/homo_sapiens/genome/chr21/sequence/genome.fasta"
                    ]
                ],
                "bed": [
                    [
                        {
                            "id": "test_gtf"
                        },
                        "test_gtf.bed:md5,55cb0e28b2915f643dc717ecd1896804"
                    ]
                ],
                "genome_fasta": [
                    [
                        {
                            "id": "test_fasta"
                        },
                        "/nf-core/test-datasets/raw/refs/heads/modules/data/genomics/homo_sapiens/genome/chr21/sequence/genome.fasta"
                    ]
                ],
                "gff3": [
                    [
                        {
                            "id": "test_gtf"
                        },
                        "test_gtf.agat.gff:md5,bfa76f7e7bbdf30fd9ede0cd1d2878ae"
                    ]
                ],
                "gtf": [
                    [
                        {
                            "id": "test_gtf"
                        },
                        "/nf-core/test-datasets/raw/refs/heads/modules/data/genomics/homo_sapiens/genome/chr21/sequence/chr21_gencode.gtf"
                    ]
                ]
            }
        ],
        "timestamp": "2026-08-10T18:44:18.848700834",
        "meta": {
            "nf-test": "0.9.5",
            "nextflow": "26.04.4"
        }
    },
    "compressed GFF3 annotation - no genome": {
        "content": [
            [
                [
                    {
                        "id": "chr1"
                    },
                    "chr1.agat.gtf:md5,1e8820a497ddb0320986f4c2001ee948"
                ]
            ],
            [
                [
                    {
                        "id": "chr1"
                    },
                    "genome.gff3:md5,b30f37cc2020975f33fd2a3d61889445"
                ]
            ],
            [
                [
                    {
                        "id": "chr1"
                    },
                    "chr1.bed:md5,c1c1eb36c47724291fb26ab8eadf5cd0"
                ]
            ],
            null
        ],
        "timestamp": "2026-08-10T18:45:40.084929997",
        "meta": {
            "nf-test": "0.9.5",
            "nextflow": "26.04.4"
        }
    },
    "compressed GFF3 annotation + uncompressed genome": {
        "content": [
            {
                "0": [
                    [
                        {
                            "id": "chr1"
                        },
                        "chr1.agat.gtf:md5,1e8820a497ddb0320986f4c2001ee948"
                    ]
                ],
                "1": [
                    [
                        {
                            "id": "chr1"
                        },
                        "genome.gff3:md5,b30f37cc2020975f33fd2a3d61889445"
                    ]
                ],
                "2": [
                    [
                        {
                            "id": "chr1"
                        },
                        "chr1.bed:md5,c1c1eb36c47724291fb26ab8eadf5cd0"
                    ]
                ],
                "3": [
                    [
                        {
                            "id": "chr21"
                        },
                        "/nf-core/test-datasets/raw/refs/heads/modules/data/genomics/homo_sapiens/genome/chr21/sequence/genome.fasta"
                    ]
                ],
                "bed": [
                    [
                        {
                            "id": "chr1"
                        },
                        "chr1.bed:md5,c1c1eb36c47724291fb26ab8eadf5cd0"
                    ]
                ],
                "genome_fasta": [
                    [
                        {
                            "id": "chr21"
                        },
                        "/nf-core/test-datasets/raw/refs/heads/modules/data/genomics/homo_sapiens/genome/chr21/sequence/genome.fasta"
                    ]
                ],
                "gff3": [
                    [
                        {
                            "id": "chr1"
                        },
                        "genome.gff3:md5,b30f37cc2020975f33fd2a3d61889445"
                    ]
                ],
                "gtf": [
                    [
                        {
                            "id": "chr1"
                        },
                        "chr1.agat.gtf:md5,1e8820a497ddb0320986f4c2001ee948"
                    ]
                ]
            }
        ],
        "timestamp": "2026-08-10T18:45:28.651354697",
        "meta": {
            "nf-test": "0.9.5",
            "nextflow": "26.04.4"
        }
    }
}