{
    "gff3 - stub": {
        "content": [
            {
                "0": [
                    [
                        {
                            "id": "test",
                            "single_end": false
                        },
                        [
                            "dummy_file.txt:md5,fb2a7d469fdbc1bfdd5819f0cf57d3d0"
                        ]
                    ]
                ],
                "1": [
                    "versions.yml:md5,36042572efe20490e506b26603b7fdae"
                ],
                "splicegraph": [
                    [
                        {
                            "id": "test",
                            "single_end": false
                        },
                        [
                            "dummy_file.txt:md5,fb2a7d469fdbc1bfdd5819f0cf57d3d0"
                        ]
                    ]
                ],
                "versions": [
                    "versions.yml:md5,36042572efe20490e506b26603b7fdae"
                ]
            }
        ],
        "meta": {
            "nf-test": "0.9.3",
            "nextflow": "25.04.6"
        },
        "timestamp": "2025-11-14T23:06:26.9128031"
    },
    "gff3": {
        "content": [
            {
                "0": [
                    [
                        {
                            "id": "test"
                        },
                        [
                            ".zgroup:md5,e20297935e73dd0154104d4ea53040ab",
                            ".zmetadata:md5,9b19aca2ebfa1aa84bdf4de0777e3cd5",
                            [
                                ".zattrs:md5,32ab53d48e7bcb6ef9e4e52a639c7adb",
                                ".zgroup:md5,e20297935e73dd0154104d4ea53040ab",
                                [
                                    ".zarray:md5,3024550050687a53f4c1b2f3fa6491a1",
                                    ".zattrs:md5,7f650311e30942a184872dcaa0787cf8",
                                    "0:md5,cc6bfff792935c737c70a861524903bd"
                                ]
                            ],
                            [
                                ".zattrs:md5,b42a19341540f70a290e7e23eb1e0a8f",
                                ".zgroup:md5,e20297935e73dd0154104d4ea53040ab",
                                [
                                    ".zarray:md5,f8471d6332d88130011798b0a86db610",
                                    ".zattrs:md5,3dc50af7707941bbc9c2c800393f9bf9",
                                    "0:md5,9e9d0a457a0a62d5a6582a1a729bf77b"
                                ],
                                [
                                    ".zarray:md5,f8471d6332d88130011798b0a86db610",
                                    ".zattrs:md5,3dc50af7707941bbc9c2c800393f9bf9",
                                    "0:md5,4906ea69b599055504b6c84bdf589771"
                                ],
                                [
                                    ".zarray:md5,f8471d6332d88130011798b0a86db610",
                                    ".zattrs:md5,3dc50af7707941bbc9c2c800393f9bf9",
                                    "0:md5,9e9d0a457a0a62d5a6582a1a729bf77b"
                                ],
                                [
                                    ".zarray:md5,b9304d6ff34476821a860b88bf13d41e",
                                    ".zattrs:md5,3dc50af7707941bbc9c2c800393f9bf9",
                                    "0:md5,ab50ec3535cf152ec115625709a46ec6"
                                ],
                                [
                                    ".zarray:md5,f8471d6332d88130011798b0a86db610",
                                    ".zattrs:md5,3dc50af7707941bbc9c2c800393f9bf9",
                                    "0:md5,4906ea69b599055504b6c84bdf589771"
                                ]
                            ],
                            [
                                ".zattrs:md5,2e7fd1a94d9f1a01ac1dda624fcc4910",
                                ".zgroup:md5,e20297935e73dd0154104d4ea53040ab",
                                [
                                    ".zarray:md5,f97b93f85049e9f6e70f1c2225da51f5",
                                    ".zattrs:md5,7520a3e21a6409caf1455c3dea50ebcd",
                                    "0:md5,cdd06e6a45f2f42da2588ede0e68c88f"
                                ],
                                [
                                    ".zarray:md5,ee75a3a0c416546381b841d1720b55a8",
                                    ".zattrs:md5,7520a3e21a6409caf1455c3dea50ebcd",
                                    "0:md5,a9bf77764d2b9037950038a26304c61e"
                                ],
                                [
                                    ".zarray:md5,04413ba4c89c5a262363a8f308245753",
                                    ".zattrs:md5,7520a3e21a6409caf1455c3dea50ebcd",
                                    "0:md5,bfa68531ce6dca300df8cf6bfd027722"
                                ],
                                [
                                    ".zarray:md5,aa324e38900239c0b8b8883b248a4cb7",
                                    ".zattrs:md5,7520a3e21a6409caf1455c3dea50ebcd",
                                    "0:md5,58c09d129c0206de573e001fc801d479"
                                ],
                                [
                                    ".zarray:md5,ee75a3a0c416546381b841d1720b55a8",
                                    ".zattrs:md5,7520a3e21a6409caf1455c3dea50ebcd",
                                    "0:md5,ec69b31abee924a3c96e99daa2cb726d"
                                ],
                                [
                                    ".zarray:md5,a564470f6882b267ab7122457e9bd9ea",
                                    ".zattrs:md5,7520a3e21a6409caf1455c3dea50ebcd",
                                    "0:md5,021b7636ac03d8732cb24d15c89da7e1"
                                ]
                            ],
                            [
                                ".zattrs:md5,ae9ff0b651e87f637d1ab8c2d310cae9",
                                ".zgroup:md5,e20297935e73dd0154104d4ea53040ab",
                                [
                                    ".zarray:md5,230773dc3721027b33f4eb844a7a5303",
                                    ".zattrs:md5,988ca14a40c57d2b995cd7b5913b22cb"
                                ],
                                [
                                    ".zarray:md5,9fd9d3e72a1df0454e8edf73828b2162",
                                    ".zattrs:md5,291aee1041ba9e30abe088d357cddb23"
                                ],
                                [
                                    ".zarray:md5,31a5f1f3c09b7d3d4061d74eb197d747",
                                    ".zattrs:md5,291aee1041ba9e30abe088d357cddb23"
                                ],
                                [
                                    ".zarray:md5,230773dc3721027b33f4eb844a7a5303",
                                    ".zattrs:md5,988ca14a40c57d2b995cd7b5913b22cb"
                                ],
                                [
                                    ".zarray:md5,230773dc3721027b33f4eb844a7a5303",
                                    ".zattrs:md5,988ca14a40c57d2b995cd7b5913b22cb"
                                ],
                                [
                                    ".zarray:md5,9fd9d3e72a1df0454e8edf73828b2162",
                                    ".zattrs:md5,291aee1041ba9e30abe088d357cddb23"
                                ]
                            ],
                            [
                                ".zattrs:md5,ae9ff0b651e87f637d1ab8c2d310cae9",
                                ".zgroup:md5,e20297935e73dd0154104d4ea53040ab",
                                [
                                    ".zarray:md5,5cdb46b46ec7b0eb1a889414f3780126",
                                    ".zattrs:md5,097203d7d6ac2f8261aebbb7d26bcb54",
                                    "0:md5,54a3864d2feca43bd774572e4691ad6e"
                                ],
                                [
                                    ".zarray:md5,ee75a3a0c416546381b841d1720b55a8",
                                    ".zattrs:md5,32fe31a502679794fc89586056b9a055",
                                    "0:md5,9fdd93853d49ab8d80ba4044f0dfc1c1"
                                ],
                                [
                                    ".zarray:md5,f97b93f85049e9f6e70f1c2225da51f5",
                                    ".zattrs:md5,32fe31a502679794fc89586056b9a055",
                                    "0:md5,9e856dd800d3ac223db583172c181a90"
                                ],
                                [
                                    ".zarray:md5,5cdb46b46ec7b0eb1a889414f3780126",
                                    ".zattrs:md5,097203d7d6ac2f8261aebbb7d26bcb54",
                                    "0:md5,54a3864d2feca43bd774572e4691ad6e"
                                ],
                                [
                                    ".zarray:md5,5cdb46b46ec7b0eb1a889414f3780126",
                                    ".zattrs:md5,097203d7d6ac2f8261aebbb7d26bcb54",
                                    "0:md5,54a3864d2feca43bd774572e4691ad6e"
                                ],
                                [
                                    ".zarray:md5,ee75a3a0c416546381b841d1720b55a8",
                                    ".zattrs:md5,32fe31a502679794fc89586056b9a055",
                                    "0:md5,8fe382e9a779c8ae40252ed6f5ac34c7"
                                ]
                            ]
                        ]
                    ]
                ],
                "1": [
                    "versions.yml:md5,dc7e4d41751381e9d271c7d8146c1d5b"
                ],
                "splicegraph": [
                    [
                        {
                            "id": "test"
                        },
                        [
                            ".zgroup:md5,e20297935e73dd0154104d4ea53040ab",
                            ".zmetadata:md5,9b19aca2ebfa1aa84bdf4de0777e3cd5",
                            [
                                ".zattrs:md5,32ab53d48e7bcb6ef9e4e52a639c7adb",
                                ".zgroup:md5,e20297935e73dd0154104d4ea53040ab",
                                [
                                    ".zarray:md5,3024550050687a53f4c1b2f3fa6491a1",
                                    ".zattrs:md5,7f650311e30942a184872dcaa0787cf8",
                                    "0:md5,cc6bfff792935c737c70a861524903bd"
                                ]
                            ],
                            [
                                ".zattrs:md5,b42a19341540f70a290e7e23eb1e0a8f",
                                ".zgroup:md5,e20297935e73dd0154104d4ea53040ab",
                                [
                                    ".zarray:md5,f8471d6332d88130011798b0a86db610",
                                    ".zattrs:md5,3dc50af7707941bbc9c2c800393f9bf9",
                                    "0:md5,9e9d0a457a0a62d5a6582a1a729bf77b"
                                ],
                                [
                                    ".zarray:md5,f8471d6332d88130011798b0a86db610",
                                    ".zattrs:md5,3dc50af7707941bbc9c2c800393f9bf9",
                                    "0:md5,4906ea69b599055504b6c84bdf589771"
                                ],
                                [
                                    ".zarray:md5,f8471d6332d88130011798b0a86db610",
                                    ".zattrs:md5,3dc50af7707941bbc9c2c800393f9bf9",
                                    "0:md5,9e9d0a457a0a62d5a6582a1a729bf77b"
                                ],
                                [
                                    ".zarray:md5,b9304d6ff34476821a860b88bf13d41e",
                                    ".zattrs:md5,3dc50af7707941bbc9c2c800393f9bf9",
                                    "0:md5,ab50ec3535cf152ec115625709a46ec6"
                                ],
                                [
                                    ".zarray:md5,f8471d6332d88130011798b0a86db610",
                                    ".zattrs:md5,3dc50af7707941bbc9c2c800393f9bf9",
                                    "0:md5,4906ea69b599055504b6c84bdf589771"
                                ]
                            ],
                            [
                                ".zattrs:md5,2e7fd1a94d9f1a01ac1dda624fcc4910",
                                ".zgroup:md5,e20297935e73dd0154104d4ea53040ab",
                                [
                                    ".zarray:md5,f97b93f85049e9f6e70f1c2225da51f5",
                                    ".zattrs:md5,7520a3e21a6409caf1455c3dea50ebcd",
                                    "0:md5,cdd06e6a45f2f42da2588ede0e68c88f"
                                ],
                                [
                                    ".zarray:md5,ee75a3a0c416546381b841d1720b55a8",
                                    ".zattrs:md5,7520a3e21a6409caf1455c3dea50ebcd",
                                    "0:md5,a9bf77764d2b9037950038a26304c61e"
                                ],
                                [
                                    ".zarray:md5,04413ba4c89c5a262363a8f308245753",
                                    ".zattrs:md5,7520a3e21a6409caf1455c3dea50ebcd",
                                    "0:md5,bfa68531ce6dca300df8cf6bfd027722"
                                ],
                                [
                                    ".zarray:md5,aa324e38900239c0b8b8883b248a4cb7",
                                    ".zattrs:md5,7520a3e21a6409caf1455c3dea50ebcd",
                                    "0:md5,58c09d129c0206de573e001fc801d479"
                                ],
                                [
                                    ".zarray:md5,ee75a3a0c416546381b841d1720b55a8",
                                    ".zattrs:md5,7520a3e21a6409caf1455c3dea50ebcd",
                                    "0:md5,ec69b31abee924a3c96e99daa2cb726d"
                                ],
                                [
                                    ".zarray:md5,a564470f6882b267ab7122457e9bd9ea",
                                    ".zattrs:md5,7520a3e21a6409caf1455c3dea50ebcd",
                                    "0:md5,021b7636ac03d8732cb24d15c89da7e1"
                                ]
                            ],
                            [
                                ".zattrs:md5,ae9ff0b651e87f637d1ab8c2d310cae9",
                                ".zgroup:md5,e20297935e73dd0154104d4ea53040ab",
                                [
                                    ".zarray:md5,230773dc3721027b33f4eb844a7a5303",
                                    ".zattrs:md5,988ca14a40c57d2b995cd7b5913b22cb"
                                ],
                                [
                                    ".zarray:md5,9fd9d3e72a1df0454e8edf73828b2162",
                                    ".zattrs:md5,291aee1041ba9e30abe088d357cddb23"
                                ],
                                [
                                    ".zarray:md5,31a5f1f3c09b7d3d4061d74eb197d747",
                                    ".zattrs:md5,291aee1041ba9e30abe088d357cddb23"
                                ],
                                [
                                    ".zarray:md5,230773dc3721027b33f4eb844a7a5303",
                                    ".zattrs:md5,988ca14a40c57d2b995cd7b5913b22cb"
                                ],
                                [
                                    ".zarray:md5,230773dc3721027b33f4eb844a7a5303",
                                    ".zattrs:md5,988ca14a40c57d2b995cd7b5913b22cb"
                                ],
                                [
                                    ".zarray:md5,9fd9d3e72a1df0454e8edf73828b2162",
                                    ".zattrs:md5,291aee1041ba9e30abe088d357cddb23"
                                ]
                            ],
                            [
                                ".zattrs:md5,ae9ff0b651e87f637d1ab8c2d310cae9",
                                ".zgroup:md5,e20297935e73dd0154104d4ea53040ab",
                                [
                                    ".zarray:md5,5cdb46b46ec7b0eb1a889414f3780126",
                                    ".zattrs:md5,097203d7d6ac2f8261aebbb7d26bcb54",
                                    "0:md5,54a3864d2feca43bd774572e4691ad6e"
                                ],
                                [
                                    ".zarray:md5,ee75a3a0c416546381b841d1720b55a8",
                                    ".zattrs:md5,32fe31a502679794fc89586056b9a055",
                                    "0:md5,9fdd93853d49ab8d80ba4044f0dfc1c1"
                                ],
                                [
                                    ".zarray:md5,f97b93f85049e9f6e70f1c2225da51f5",
                                    ".zattrs:md5,32fe31a502679794fc89586056b9a055",
                                    "0:md5,9e856dd800d3ac223db583172c181a90"
                                ],
                                [
                                    ".zarray:md5,5cdb46b46ec7b0eb1a889414f3780126",
                                    ".zattrs:md5,097203d7d6ac2f8261aebbb7d26bcb54",
                                    "0:md5,54a3864d2feca43bd774572e4691ad6e"
                                ],
                                [
                                    ".zarray:md5,5cdb46b46ec7b0eb1a889414f3780126",
                                    ".zattrs:md5,097203d7d6ac2f8261aebbb7d26bcb54",
                                    "0:md5,54a3864d2feca43bd774572e4691ad6e"
                                ],
                                [
                                    ".zarray:md5,ee75a3a0c416546381b841d1720b55a8",
                                    ".zattrs:md5,32fe31a502679794fc89586056b9a055",
                                    "0:md5,8fe382e9a779c8ae40252ed6f5ac34c7"
                                ]
                            ]
                        ]
                    ]
                ],
                "versions": [
                    "versions.yml:md5,dc7e4d41751381e9d271c7d8146c1d5b"
                ]
            }
        ],
        "meta": {
            "nf-test": "0.9.3",
            "nextflow": "25.10.0"
        },
        "timestamp": "2025-11-16T01:14:18.141390359"
    }
}